<testsuites id="" name="" tests="36" failures="2" skipped="0" errors="0" time="214.237335">
<testsuite name="e2e.spec.js" timestamp="2026-05-18T08:49:00.824Z" hostname="chromium" tests="12" failures="0" skipped="0" time="44.363" errors="0">
<testcase name="Demoblaze E2E Suite › 1. Home page loads @smoke" classname="e2e.spec.js" time="2.81">
</testcase>
<testcase name="Demoblaze E2E Suite › 2. Category filtering @smoke" classname="e2e.spec.js" time="4.249">
</testcase>
<testcase name="Demoblaze E2E Suite › 3. Product page details" classname="e2e.spec.js" time="6.406">
</testcase>
<testcase name="Demoblaze E2E Suite › 4. Add product to cart @cart" classname="e2e.spec.js" time="9.512">
</testcase>
<testcase name="Demoblaze E2E Suite › 5. Remove product from cart @cart" classname="e2e.spec.js" time="2.945">
</testcase>
<testcase name="Demoblaze E2E Suite › 6. Contact modal" classname="e2e.spec.js" time="2.911">
</testcase>
<testcase name="Demoblaze E2E Suite › 7. Sign up modal" classname="e2e.spec.js" time="2.703">
</testcase>
<testcase name="Demoblaze E2E Suite › 8. Login modal" classname="e2e.spec.js" time="2.92">
</testcase>
<testcase name="Demoblaze E2E Suite › 9. About modal" classname="e2e.spec.js" time="2.797">
</testcase>
<testcase name="Demoblaze E2E Suite › 10. Cart page loads" classname="e2e.spec.js" time="2.413">
</testcase>
<testcase name="Demoblaze E2E Suite › 11. Place order modal" classname="e2e.spec.js" time="2.18">
</testcase>
<testcase name="Demoblaze E2E Suite › 12. Multi-category navigation" classname="e2e.spec.js" time="2.517">
</testcase>
</testsuite>
<testsuite name="e2e.spec.js" timestamp="2026-05-18T08:49:00.824Z" hostname="firefox" tests="12" failures="2" skipped="0" time="82.962" errors="0">
<testcase name="Demoblaze E2E Suite › 1. Home page loads @smoke" classname="e2e.spec.js" time="7.935">
</testcase>
<testcase name="Demoblaze E2E Suite › 2. Category filtering @smoke" classname="e2e.spec.js" time="4.997">
</testcase>
<testcase name="Demoblaze E2E Suite › 3. Product page details" classname="e2e.spec.js" time="12.115">
</testcase>
<testcase name="Demoblaze E2E Suite › 4. Add product to cart @cart" classname="e2e.spec.js" time="23.751">
<system-out>
<![CDATA[
[[ATTACHMENT|..\test-results\e2e-Demoblaze-E2E-Suite-4-Add-product-to-cart-cart-firefox\test-failed-1.png]]

[[ATTACHMENT|..\test-results\e2e-Demoblaze-E2E-Suite-4-Add-product-to-cart-cart-firefox\video.webm]]

[[ATTACHMENT|..\test-results\e2e-Demoblaze-E2E-Suite-4-Add-product-to-cart-cart-firefox\error-context.md]]

[[ATTACHMENT|..\test-results\e2e-Demoblaze-E2E-Suite-4-Add-product-to-cart-cart-firefox\trace.zip]]
]]>
</system-out>
<failure message="expect(locator).toHaveCount(expected) failed" type="expect.toHaveCount">
<![CDATA[  [firefox] › e2e.spec.js:35:3 › Demoblaze E2E Suite › 4. Add product to cart @cart ────────────────

    Error: expect(locator).toHaveCount(expected) failed

    Locator:  locator('#tbodyid tr')
    Expected: 1
    Received: 0
    Timeout:  10000ms

    Call log:
      - Expect "toHaveCount" with timeout 10000ms
      - waiting for locator('#tbodyid tr')
        23 × locator resolved to 0 elements
           - unexpected value "0"


      43 |
      44 |     await cart.open();
    > 45 |     await expect(cart.rows()).toHaveCount(1);
         |                               ^
      46 |   });
      47 |
      48 |   test('5. Remove product from cart @cart', async ({ page }) => {
        at D:\Geo_Testing\demoblaze-playwright-automation-suite\tests\e2e.spec.js:45:31

    attachment #1: screenshot (image/png) ──────────────────────────────────────────────────────────
    ..\test-results\e2e-Demoblaze-E2E-Suite-4-Add-product-to-cart-cart-firefox\test-failed-1.png
    ────────────────────────────────────────────────────────────────────────────────────────────────

    attachment #2: video (video/webm) ──────────────────────────────────────────────────────────────
    ..\test-results\e2e-Demoblaze-E2E-Suite-4-Add-product-to-cart-cart-firefox\video.webm
    ────────────────────────────────────────────────────────────────────────────────────────────────

    Error Context: ..\test-results\e2e-Demoblaze-E2E-Suite-4-Add-product-to-cart-cart-firefox\error-context.md

    attachment #4: trace (application/zip) ─────────────────────────────────────────────────────────
    ..\test-results\e2e-Demoblaze-E2E-Suite-4-Add-product-to-cart-cart-firefox\trace.zip
    Usage:

        npx playwright show-trace ..\test-results\e2e-Demoblaze-E2E-Suite-4-Add-product-to-cart-cart-firefox\trace.zip

    ────────────────────────────────────────────────────────────────────────────────────────────────
]]>
</failure>
</testcase>
<testcase name="Demoblaze E2E Suite › 5. Remove product from cart @cart" classname="e2e.spec.js" time="6.421">
</testcase>
<testcase name="Demoblaze E2E Suite › 6. Contact modal" classname="e2e.spec.js" time="3.485">
</testcase>
<testcase name="Demoblaze E2E Suite › 7. Sign up modal" classname="e2e.spec.js" time="3.788">
</testcase>
<testcase name="Demoblaze E2E Suite › 8. Login modal" classname="e2e.spec.js" time="3.634">
</testcase>
<testcase name="Demoblaze E2E Suite › 9. About modal" classname="e2e.spec.js" time="3.394">
<system-out>
<![CDATA[
[[ATTACHMENT|..\test-results\e2e-Demoblaze-E2E-Suite-9-About-modal-firefox\test-failed-1.png]]

[[ATTACHMENT|..\test-results\e2e-Demoblaze-E2E-Suite-9-About-modal-firefox\video.webm]]

[[ATTACHMENT|..\test-results\e2e-Demoblaze-E2E-Suite-9-About-modal-firefox\error-context.md]]

[[ATTACHMENT|..\test-results\e2e-Demoblaze-E2E-Suite-9-About-modal-firefox\trace.zip]]
]]>
</system-out>
<failure message="expect(locator).toBeVisible() failed" type="expect.toBeVisible">
<![CDATA[  [firefox] › e2e.spec.js:82:3 › Demoblaze E2E Suite › 9. About modal ──────────────────────────────

    Error: expect(locator).toBeVisible() failed

    Locator: getByRole('heading', { name: 'About us' })
    Expected: visible
    Error: strict mode violation: getByRole('heading', { name: 'About us' }) resolved to 2 elements:
        1) <h5 class="modal-title" id="videoModalLabel">About us</h5> aka getByRole('heading', { name: 'About us', exact: true })
        2) <h4 class="grrrr">…</h4> aka getByRole('heading', { name: 'About Us', exact: true })

    Call log:
      - Expect "toBeVisible" with timeout 10000ms
      - waiting for getByRole('heading', { name: 'About us' })


      84 |     await home.open();
      85 |     await home.openAboutModal();
    > 86 |     await expect(page.getByRole('heading', { name: 'About us' })).toBeVisible();
         |                                                                   ^
      87 |   });
      88 |
      89 |   test('10. Cart page loads', async ({ page }) => {
        at D:\Geo_Testing\demoblaze-playwright-automation-suite\tests\e2e.spec.js:86:67

    attachment #1: screenshot (image/png) ──────────────────────────────────────────────────────────
    ..\test-results\e2e-Demoblaze-E2E-Suite-9-About-modal-firefox\test-failed-1.png
    ────────────────────────────────────────────────────────────────────────────────────────────────

    attachment #2: video (video/webm) ──────────────────────────────────────────────────────────────
    ..\test-results\e2e-Demoblaze-E2E-Suite-9-About-modal-firefox\video.webm
    ────────────────────────────────────────────────────────────────────────────────────────────────

    Error Context: ..\test-results\e2e-Demoblaze-E2E-Suite-9-About-modal-firefox\error-context.md

    attachment #4: trace (application/zip) ─────────────────────────────────────────────────────────
    ..\test-results\e2e-Demoblaze-E2E-Suite-9-About-modal-firefox\trace.zip
    Usage:

        npx playwright show-trace ..\test-results\e2e-Demoblaze-E2E-Suite-9-About-modal-firefox\trace.zip

    ────────────────────────────────────────────────────────────────────────────────────────────────
]]>
</failure>
</testcase>
<testcase name="Demoblaze E2E Suite › 10. Cart page loads" classname="e2e.spec.js" time="6.458">
</testcase>
<testcase name="Demoblaze E2E Suite › 11. Place order modal" classname="e2e.spec.js" time="3.431">
</testcase>
<testcase name="Demoblaze E2E Suite › 12. Multi-category navigation" classname="e2e.spec.js" time="3.553">
</testcase>
</testsuite>
<testsuite name="e2e.spec.js" timestamp="2026-05-18T08:49:00.824Z" hostname="webkit" tests="12" failures="0" skipped="0" time="61.473" errors="0">
<testcase name="Demoblaze E2E Suite › 1. Home page loads @smoke" classname="e2e.spec.js" time="4.872">
</testcase>
<testcase name="Demoblaze E2E Suite › 2. Category filtering @smoke" classname="e2e.spec.js" time="3.581">
</testcase>
<testcase name="Demoblaze E2E Suite › 3. Product page details" classname="e2e.spec.js" time="7.422">
</testcase>
<testcase name="Demoblaze E2E Suite › 4. Add product to cart @cart" classname="e2e.spec.js" time="12.639">
</testcase>
<testcase name="Demoblaze E2E Suite › 5. Remove product from cart @cart" classname="e2e.spec.js" time="4.048">
</testcase>
<testcase name="Demoblaze E2E Suite › 6. Contact modal" classname="e2e.spec.js" time="4.104">
</testcase>
<testcase name="Demoblaze E2E Suite › 7. Sign up modal" classname="e2e.spec.js" time="4.356">
</testcase>
<testcase name="Demoblaze E2E Suite › 8. Login modal" classname="e2e.spec.js" time="4.677">
</testcase>
<testcase name="Demoblaze E2E Suite › 9. About modal" classname="e2e.spec.js" time="3.978">
</testcase>
<testcase name="Demoblaze E2E Suite › 10. Cart page loads" classname="e2e.spec.js" time="3.299">
</testcase>
<testcase name="Demoblaze E2E Suite › 11. Place order modal" classname="e2e.spec.js" time="4.143">
</testcase>
<testcase name="Demoblaze E2E Suite › 12. Multi-category navigation" classname="e2e.spec.js" time="4.354">
</testcase>
</testsuite>
</testsuites>